
==========================================================================
   TEST SUITE EXHAUSTIVO: MOTOR DE ASISTENCIAS (AISLADO)
==========================================================================

✅ | [E1] Llegada Muy Temprana (Rechazada)                             -> OK
✅ | [E2] Llegada Temprana Permitida (Aceptada)                        -> OK
✅ | [E3] Llegada Puntual Perfecta                                     -> OK
✅ | [E4] Retardo Menor (Retardo A)                                    -> OK
✅ | [E5] Retardo Mayor (Retardo B)                                    -> OK
✅ | [E6] Falta por impuntualidad (>30m del ultimo retardo configurable) -> OK
✅ | [I1] Doble Entrada Intento (Obliga Salida)                        -> OK
✅ | [I2] Salida Registrada -> Bloque CERRADO                          -> OK
✅ | [S1] Salida Muy Temprana (Rechazada)                              -> OK
✅ | [S2] Salida Anticipada Temprana Permitida                         -> OK
✅ | [S3] Salida Puntual (A la hora exacta)                            -> OK
❌ | [S4] Salida Posterior Permitida (Dentro de 1 min de gracia)       -> Fallo: | Exp est='salida_tarde', Obt 'salida_puntual' 
❌ | [S5] Salida Excesivamente Tarde (> 1m)                            -> Fallo: NO HALLO BLOQUE Y SE ESPERABA QUE SÍ
✅ | [M1] Check-in en Turno 2                                          -> OK
✅ | [C1] Caso Cliente: Salida de Turnover Corto 22:38 a 22:43         -> OK

============== PASADOS: 13 / 15 TOTALES ==============
